next.config.ts(7,3): error TS2353: Object literal may only specify known properties, and 'eslint' does not exist in type 'NextConfig'.
src/app/gk/testing/weekly/page.tsx(13,11): error TS2322: Type '(score: any, total: any) => void' is not assignable to type '(results: { score: number; total: number; timeSpent: number; }) => void'.
  Target signature provides too few arguments. Expected 2 or more, but got 1.
src/app/gk/testing/weekly/page.tsx(13,24): error TS7006: Parameter 'score' implicitly has an 'any' type.
src/app/gk/testing/weekly/page.tsx(13,31): error TS7006: Parameter 'total' implicitly has an 'any' type.
src/components/gk/Flashcards.tsx(880,61): error TS2353: Object literal may only specify known properties, and 'sm' does not exist in type 'Properties<string | number, string & {}>'.
src/components/gk/Flashcards.tsx(883,61): error TS2353: Object literal may only specify known properties, and 'sm' does not exist in type 'Properties<string | number, string & {}>'.
src/components/gk/Flashcards.tsx(886,61): error TS2353: Object literal may only specify known properties, and 'sm' does not exist in type 'Properties<string | number, string & {}>'.
src/components/gk/Flashcards.tsx(889,61): error TS2353: Object literal may only specify known properties, and 'sm' does not exist in type 'Properties<string | number, string & {}>'.
src/components/gk/Flashcards.tsx(892,61): error TS2353: Object literal may only specify known properties, and 'sm' does not exist in type 'Properties<string | number, string & {}>'.
src/components/gk/Flashcards.tsx(895,61): error TS2353: Object literal may only specify known properties, and 'sm' does not exist in type 'Properties<string | number, string & {}>'.
src/components/gk/Flashcards.tsx(1798,17): error TS2353: Object literal may only specify known properties, and 'sm' does not exist in type 'Properties<string | number, string & {}>'.
src/components/gk/Flashcards.tsx(1823,17): error TS2353: Object literal may only specify known properties, and 'sm' does not exist in type 'Properties<string | number, string & {}>'.
src/components/gk/testing/constants.ts(104,3): error TS2741: Property 'id' is missing in type '{ question: string; options: [string, string, string, string]; correct: number; explanation: string; }' but required in type 'MockQuestion'.
src/components/gk/testing/constants.ts(110,3): error TS2741: Property 'id' is missing in type '{ question: string; options: [string, string, string, string]; correct: number; explanation: string; }' but required in type 'MockQuestion'.
src/components/gk/testing/constants.ts(116,3): error TS2741: Property 'id' is missing in type '{ question: string; options: [string, string, string, string]; correct: number; explanation: string; }' but required in type 'MockQuestion'.
src/components/gk/testing/constants.ts(122,3): error TS2741: Property 'id' is missing in type '{ question: string; options: [string, string, string, string]; correct: number; explanation: string; }' but required in type 'MockQuestion'.
src/components/gk/testing/constants.ts(128,3): error TS2741: Property 'id' is missing in type '{ question: string; options: [string, string, string, string]; correct: number; explanation: string; }' but required in type 'MockQuestion'.
src/components/gk/testing/data/mhcet-mock-3.ts(854,5): error TS2322: Type '[string, string, string, string, string]' is not assignable to type '[string, string, string, string]'.
  Source has 5 element(s) but target allows only 4.
src/components/gk/testing/data/mhcet-mock-4.ts(839,5): error TS2322: Type '[string, string, string, string, string]' is not assignable to type '[string, string, string, string]'.
  Source has 5 element(s) but target allows only 4.
src/components/gk/testing/data/mhcet-mock-5.ts(816,5): error TS2322: Type '[string, string, string, string, string, string]' is not assignable to type '[string, string, string, string]'.
  Source has 6 element(s) but target allows only 4.
src/components/gk/testing/FullMockRunner.tsx(35,56): error TS18047: 'acc' is possibly 'null'.
src/components/gk/testing/FullMockRunner.tsx(39,18): error TS2322: Type 'number | null' is not assignable to type 'number'.
  Type 'null' is not assignable to type 'number'.
src/data/weekly-quiz/2026/week02.ts(21,7): error TS2322: Type 'string' is not assignable to type 'number'.
src/data/weekly-quiz/2026/week02.ts(22,7): error TS2322: Type '"NATIONAL CURRENT AFFAIRS"' is not assignable to type 'QuizCategory'.
src/data/weekly-quiz/2026/week02.ts(40,7): error TS2322: Type 'string' is not assignable to type 'number'.
src/data/weekly-quiz/2026/week02.ts(41,7): error TS2322: Type '"NATIONAL CURRENT AFFAIRS"' is not assignable to type 'QuizCategory'.
src/data/weekly-quiz/2026/week02.ts(59,7): error TS2322: Type 'string' is not assignable to type 'number'.
src/data/weekly-quiz/2026/week02.ts(60,7): error TS2322: Type '"NATIONAL CURRENT AFFAIRS"' is not assignable to type 'QuizCategory'.
src/data/weekly-quiz/2026/week02.ts(78,7): error TS2322: Type 'string' is not assignable to type 'number'.
src/data/weekly-quiz/2026/week02.ts(79,7): error TS2322: Type '"NATIONAL CURRENT AFFAIRS"' is not assignable to type 'QuizCategory'.
src/data/weekly-quiz/2026/week02.ts(97,7): error TS2322: Type 'string' is not assignable to type 'number'.
src/data/weekly-quiz/2026/week02.ts(98,7): error TS2322: Type '"INTERNATIONAL CURRENT AFFAIRS"' is not assignable to type 'QuizCategory'.
src/data/weekly-quiz/2026/week02.ts(116,7): error TS2322: Type 'string' is not assignable to type 'number'.
src/data/weekly-quiz/2026/week02.ts(117,7): error TS2322: Type '"INTERNATIONAL CURRENT AFFAIRS"' is not assignable to type 'QuizCategory'.
src/data/weekly-quiz/2026/week02.ts(135,7): error TS2322: Type 'string' is not assignable to type 'number'.
src/data/weekly-quiz/2026/week02.ts(136,7): error TS2322: Type '"INTERNATIONAL CURRENT AFFAIRS"' is not assignable to type 'QuizCategory'.
src/data/weekly-quiz/2026/week02.ts(154,7): error TS2322: Type 'string' is not assignable to type 'number'.
src/data/weekly-quiz/2026/week02.ts(155,7): error TS2322: Type '"NATIONAL CURRENT AFFAIRS"' is not assignable to type 'QuizCategory'.
src/data/weekly-quiz/2026/week02.ts(173,7): error TS2322: Type 'string' is not assignable to type 'number'.
src/data/weekly-quiz/2026/week02.ts(174,7): error TS2820: Type '"LEGAL GK"' is not assignable to type 'QuizCategory'. Did you mean '"legal_gk"'?
src/data/weekly-quiz/2026/week02.ts(192,7): error TS2322: Type 'string' is not assignable to type 'number'.
src/data/weekly-quiz/2026/week02.ts(193,7): error TS2820: Type '"LEGAL GK"' is not assignable to type 'QuizCategory'. Did you mean '"legal_gk"'?
src/data/weekly-quiz/2026/week02.ts(211,7): error TS2322: Type 'string' is not assignable to type 'number'.
src/data/weekly-quiz/2026/week02.ts(212,7): error TS2820: Type '"LEGAL GK"' is not assignable to type 'QuizCategory'. Did you mean '"legal_gk"'?
src/data/weekly-quiz/2026/week02.ts(230,7): error TS2322: Type 'string' is not assignable to type 'number'.
src/data/weekly-quiz/2026/week02.ts(231,7): error TS2820: Type '"STATIC GK"' is not assignable to type 'QuizCategory'. Did you mean '"static_gk"'?
src/data/weekly-quiz/2026/week02.ts(249,7): error TS2322: Type 'string' is not assignable to type 'number'.
src/data/weekly-quiz/2026/week02.ts(250,7): error TS2820: Type '"STATIC GK"' is not assignable to type 'QuizCategory'. Did you mean '"static_gk"'?
src/data/weekly-quiz/2026/week02.ts(268,7): error TS2322: Type 'string' is not assignable to type 'number'.
src/data/weekly-quiz/2026/week02.ts(269,7): error TS2322: Type '"NATIONAL CURRENT AFFAIRS"' is not assignable to type 'QuizCategory'.
src/data/weekly-quiz/2026/week02.ts(287,7): error TS2322: Type 'string' is not assignable to type 'number'.
src/data/weekly-quiz/2026/week02.ts(288,7): error TS2322: Type '"INTERNATIONAL CURRENT AFFAIRS"' is not assignable to type 'QuizCategory'.
src/data/weekly-quiz/2026/week02.ts(306,7): error TS2322: Type 'string' is not assignable to type 'number'.
src/data/weekly-quiz/2026/week02.ts(307,7): error TS2322: Type '"NATIONAL CURRENT AFFAIRS"' is not assignable to type 'QuizCategory'.
src/data/weekly-quiz/2026/week02.ts(325,7): error TS2322: Type 'string' is not assignable to type 'number'.
src/data/weekly-quiz/2026/week02.ts(326,7): error TS2820: Type '"IMPORTANT DAYS"' is not assignable to type 'QuizCategory'. Did you mean '"important_days"'?
src/data/weekly-quiz/2026/week02.ts(344,7): error TS2322: Type 'string' is not assignable to type 'number'.
src/data/weekly-quiz/2026/week02.ts(345,7): error TS2820: Type '"IMPORTANT DAYS"' is not assignable to type 'QuizCategory'. Did you mean '"important_days"'?
src/data/weekly-quiz/2026/week02.ts(363,7): error TS2322: Type 'string' is not assignable to type 'number'.
src/data/weekly-quiz/2026/week02.ts(364,7): error TS2820: Type '"STATIC GK"' is not assignable to type 'QuizCategory'. Did you mean '"static_gk"'?
src/data/weekly-quiz/2026/week02.ts(382,7): error TS2322: Type 'string' is not assignable to type 'number'.
src/data/weekly-quiz/2026/week02.ts(383,7): error TS2820: Type '"LEGAL GK"' is not assignable to type 'QuizCategory'. Did you mean '"legal_gk"'?
src/data/weekly-quiz/2026/week02.ts(401,7): error TS2322: Type 'string' is not assignable to type 'number'.
src/data/weekly-quiz/2026/week02.ts(402,7): error TS2322: Type '"NATIONAL CURRENT AFFAIRS"' is not assignable to type 'QuizCategory'.
src/data/weekly-quiz/2026/week02.ts(420,7): error TS2322: Type 'string' is not assignable to type 'number'.
src/data/weekly-quiz/2026/week02.ts(421,7): error TS2322: Type '"INTERNATIONAL CURRENT AFFAIRS"' is not assignable to type 'QuizCategory'.
src/data/weekly-quiz/2026/week02.ts(439,7): error TS2322: Type 'string' is not assignable to type 'number'.
src/data/weekly-quiz/2026/week02.ts(440,7): error TS2820: Type '"STATIC GK"' is not assignable to type 'QuizCategory'. Did you mean '"static_gk"'?
src/data/weekly-quiz/2026/week02.ts(458,7): error TS2322: Type 'string' is not assignable to type 'number'.
src/data/weekly-quiz/2026/week02.ts(459,7): error TS2322: Type '"NATIONAL CURRENT AFFAIRS"' is not assignable to type 'QuizCategory'.
src/data/weekly-quiz/2026/week02.ts(477,7): error TS2322: Type 'string' is not assignable to type 'number'.
src/data/weekly-quiz/2026/week02.ts(478,7): error TS2820: Type '"LEGAL GK"' is not assignable to type 'QuizCategory'. Did you mean '"legal_gk"'?
src/data/weekly-quiz/2026/week02.ts(496,7): error TS2322: Type 'string' is not assignable to type 'number'.
src/data/weekly-quiz/2026/week02.ts(497,7): error TS2820: Type '"STATIC GK"' is not assignable to type 'QuizCategory'. Did you mean '"static_gk"'?
src/data/weekly-quiz/2026/week02.ts(515,7): error TS2322: Type 'string' is not assignable to type 'number'.
src/data/weekly-quiz/2026/week02.ts(516,7): error TS2322: Type '"NATIONAL CURRENT AFFAIRS"' is not assignable to type 'QuizCategory'.
src/data/weekly-quiz/2026/week02.ts(534,7): error TS2322: Type 'string' is not assignable to type 'number'.
src/data/weekly-quiz/2026/week02.ts(535,7): error TS2322: Type '"INTERNATIONAL CURRENT AFFAIRS"' is not assignable to type 'QuizCategory'.
src/data/weekly-quiz/2026/week02.ts(553,7): error TS2322: Type 'string' is not assignable to type 'number'.
src/data/weekly-quiz/2026/week02.ts(554,7): error TS2820: Type '"LEGAL GK"' is not assignable to type 'QuizCategory'. Did you mean '"legal_gk"'?
src/data/weekly-quiz/2026/week02.ts(572,7): error TS2322: Type 'string' is not assignable to type 'number'.
src/data/weekly-quiz/2026/week02.ts(573,7): error TS2820: Type '"STATIC GK"' is not assignable to type 'QuizCategory'. Did you mean '"static_gk"'?
